PASS
coverage: 77.8% of statements
ok  	github.com/0xor1/gorillaseed/src/server/src/api/v1/counter	0.035s
