mode: set
github.com\0xor1\gorillaseed\src\server\src\api\v1\counter\counter.go:18.53,25.2 6 0
github.com\0xor1\gorillaseed\src\server\src\api\v1\counter\counter.go:27.62,30.2 2 1
github.com\0xor1\gorillaseed\src\server\src\api\v1\counter\counter.go:32.68,36.2 3 1
github.com\0xor1\gorillaseed\src\server\src\api\v1\counter\counter.go:38.58,40.19 2 1
github.com\0xor1\gorillaseed\src\server\src\api\v1\counter\counter.go:44.2,46.22 3 1
github.com\0xor1\gorillaseed\src\server\src\api\v1\counter\counter.go:40.19,43.3 2 1
github.com\0xor1\gorillaseed\src\server\src\api\v1\counter\counter.go:49.64,51.19 2 1
github.com\0xor1\gorillaseed\src\server\src\api\v1\counter\counter.go:54.2,58.22 5 1
github.com\0xor1\gorillaseed\src\server\src\api\v1\counter\counter.go:51.19,53.3 1 1
github.com\0xor1\gorillaseed\src\server\src\api\v1\counter\counter.go:65.50,67.2 1 1